// Jest Snapshot v1, https://goo.gl/fbAQLP

exports[`Raw Loader: Fixture: basic should load scss file 1`] = `
Array [
  "export default = \\".another-scss-module {\\\\n  background: hotpink;\\\\n}\\"",
]
`;
